// Jest Snapshot v1, https://goo.gl/fbAQLP

exports[`<CatList/> tests should render the CatList 1`] = `null`;
